// Jest Snapshot v1, https://goo.gl/fbAQLP

exports[`Rendering tests Basic 1`] = `
<div
  aria-expanded={false}
  className="ui search selection dropdown"
  onBlur={[Function]}
  onChange={[Function]}
  onClick={[Function]}
  onFocus={[Function]}
  onMouseDown={[Function]}
  role="combobox"
>
  <input
    aria-autocomplete="list"
    autoComplete="off"
    className="search"
    onChange={[Function]}
    style={
      Object {
        "width": undefined,
      }
    }
    tabIndex={0}
    type="text"
    value=""
  />
  <div
    aria-live="polite"
    className="text"
    role="alert"
  />
  <i
    aria-hidden="true"
    className="dropdown icon"
    onClick={[Function]}
  />
  <div
    className="menu transition"
    role="listbox"
  >
    <div
      aria-checked={false}
      aria-selected={true}
      className="selected item"
      onClick={[Function]}
      role="option"
      style={
        Object {
          "pointerEvents": "all",
        }
      }
    >
      <span
        className="text"
      >
        /unit-test-org/unit-test-1
      </span>
    </div>
    <div
      aria-checked={false}
      aria-selected={false}
      className="item"
      onClick={[Function]}
      role="option"
      style={
        Object {
          "pointerEvents": "all",
        }
      }
    >
      <span
        className="text"
      >
        /unit-test-org/unit-test-2
      </span>
    </div>
  </div>
</div>
`;
